<html>
<body>
<pre>
<h1>礦ision Build Log</h1>
<h2>Tool Versions:</h2>
IDE-Version: μVision V5.15
Copyright (C) 2015 ARM Ltd and ARM Germany GmbH. All rights reserved.
License Information:  ,  , LIC=D0DTG-VA3WM-AD4KK-ZTJEG-8HHEK-R58BK
 
Tool Versions:
Toolchain:       MDK-ARM Standard  Version: 5.15.0
Toolchain Path:  f:\Keil_v5\ARM\ARMCC\Bin
C Compiler:      Armcc.exe V5.05 update 2 (build 169)
Assembler:       Armasm.exe V5.05 update 2 (build 169)
Linker/Locator:  ArmLink.exe V5.05 update 2 (build 169)
Library Manager: ArmAr.exe V5.05 update 2 (build 169)
Hex Converter:   FromElf.exe V5.05 update 2 (build 169)
CPU DLL:         SARMCM3.DLL V5.15.0
Dialog DLL:      DCM.DLL V1.13.2.0
Target DLL:      Segger\JL2CM3.dll V2.99.15.0
Dialog DLL:      TCM.DLL V1.14.5.0
 
<h2>Project:</h2>
F:\01_水肥\20171112控制器接收清零 - 水肥\20171112控制器接收清零 - 水肥\Project\Induction Heater.uvprojx
Project File Date:  11/14/2018

<h2>Output:</h2>
*** Using Compiler 'V5.05 update 2 (build 169)', folder: 'f:\Keil_v5\ARM\ARMCC\Bin'
Build target 'Control'
compiling HandleTask.c...
..\User\HandleTask.c(180): warning:  #177-D: variable "ReadDataCNT2" was declared but never referenced
  static u8  ReadDataCNT2        =  0;
..\User\HandleTask.c: 1 warning, 0 errors
linking...
Program Size: Code=22456 RO-data=784 RW-data=692 ZI-data=4228  
FromELF: creating hex file...
"..\Output\Induction Heater.axf" - 0 Error(s), 1 Warning(s).

<h2>Collection of Component include folders:</h2>
  F:\01_水肥\20171112控制器接收清零 - 水肥\20171112控制器接收清零 - 水肥\Project\RTE
  f:\Keil_v5\ARM\PACK\Keil\STM32F1xx_DFP\1.1.0\Device\Include

<h2>Collection of Component Files used:</h2>
</pre>
</body>
</html>
