<html>
<body>
<pre>
<h1>礦ision Build Log</h1>
<h2>Tool Versions:</h2>
IDE-Version: μVision V5.12.0.0
Copyright (C) 2014 ARM Ltd and ARM Germany GmbH. All rights reserved.
License Information:  ,  , LIC=32B45-GB7BH-TG07T-RXUCK-ZBPK3-JJEMV
 
Tool Versions:
Toolchain:       MDK-ARM Standard  Version: 5.12.0.0
Toolchain Path:  D:\software\keil512\ARM\ARMCC\Bin
C Compiler:      Armcc.exe V5.05 (build 41)
Assembler:       Armasm.exe V5.05 (build 41)
Linker/Locator:  ArmLink.exe V5.05 (build 41)
Library Manager: ArmAr.exe V5.05 (build 41)
Hex Converter:   FromElf.exe V5.05 (build 41)
CPU DLL:         SARMCM3.DLL V5.12.0.0
Dialog DLL:      DCM.DLL V1.13.0.0
    Target DLL: Segger\JL2CM3.dll
Dialog DLL:      TCM.DLL V1.14.2.0
 
<h2>Project:</h2>
E:\STM32F103软件开发\20181107极码平台有线SDK\20171112控制器接收清零 - 水肥\Project\Induction Heater.uvprojx
Project File Date:  11/28/2017

<h2>Output:</h2>
Build target 'Control'
compiling HandleTask.c...
..\User\HandleTask.c(172): warning:  #177-D: variable "ReadDataCNT2" was declared but never referenced
  static u8  ReadDataCNT2        =  0;
..\User\HandleTask.c: 1 warning, 0 errors
linking...
Program Size: Code=22116 RO-data=784 RW-data=680 ZI-data=4000  
FromELF: creating hex file...
"..\Output\Induction Heater.axf" - 0 Error(s), 1 Warning(s).

<h2>Collection of Component include folders:</h2>
  E:\STM32F103软件开发\20181107极码平台有线SDK\20171112控制器接收清零 - 水肥\Project\RTE
  D:\software\keil512\ARM\PACK\Keil\STM32F1xx_DFP\2.1.0

<h2>Collection of Component Files used:</h2>
</pre>
</body>
</html>
